backend/convex/lib/blockchain.ts(1,24): error TS2792: Cannot find module 'ethers'. Did you mean to set the 'moduleResolution' option to 'nodenext', or to add aliases to the 'paths' option?
backend/convex/lib/blockchain.ts(2,66): error TS2792: Cannot find module 'viem'. Did you mean to set the 'moduleResolution' option to 'nodenext', or to add aliases to the 'paths' option?
backend/convex/lib/blockchain.ts(3,22): error TS2792: Cannot find module 'viem/chains'. Did you mean to set the 'moduleResolution' option to 'nodenext', or to add aliases to the 'paths' option?
backend/convex/lib/blockchain.ts(4,34): error TS2792: Cannot find module 'viem/account-abstraction'. Did you mean to set the 'moduleResolution' option to 'nodenext', or to add aliases to the 'paths' option?
backend/convex/lib/blockchain.ts(5,37): error TS2792: Cannot find module 'viem/accounts'. Did you mean to set the 'moduleResolution' option to 'nodenext', or to add aliases to the 'paths' option?
backend/convex/lib/blockchain.ts(6,42): error TS2792: Cannot find module 'permissionless'. Did you mean to set the 'moduleResolution' option to 'nodenext', or to add aliases to the 'paths' option?
backend/convex/lib/blockchain.ts(7,38): error TS2792: Cannot find module 'permissionless/accounts'. Did you mean to set the 'moduleResolution' option to 'nodenext', or to add aliases to the 'paths' option?
